2026-09-23 13:46:52,010 | listening on 0.0.0.0:6666
2026-09-23 13:46:52.8887
process start...
loop times: 2
2026-09-23 13:46:52.88970
/usr/local/bin/python3.11
2026-09-23 13:48:59,677 | round 1 -> {'10011': {'action': 'move', 'targetPos': [{'x': 9, 'y': 23}]}, '10010': {'action': 'build', 'targetPos': [{'x': 8, 'y': 20}], 'name': 'gatling'}, '10012': {'action': 'move', 'targetPos': [{'x': 7, 'y': 21}]}}
2026-09-23 13:48:59,774 | round 2 -> {'10011': {'action': 'move', 'targetPos': [{'x': 10, 'y': 23}]}, '10010': {'action': 'build', 'targetPos': [{'x': 8, 'y': 22}], 'name': 'rocket'}, '10012': {'action': 'move', 'targetPos': [{'x': 7, 'y': 20}]}}
2026-09-23 13:48:59,822 | round 3 -> {'10011': {'action': 'move', 'targetPos': [{'x': 11, 'y': 22}]}, '10010': {'action': 'move', 'targetPos': [{'x': 9, 'y': 20}]}, '10012': {'action': 'move', 'targetPos': [{'x': 8, 'y': 19}]}}
2026-09-23 13:48:59,864 | round 4 -> {'10011': {'action': 'move', 'targetPos': [{'x': 11, 'y': 21}]}, '10010': {'action': 'build', 'targetPos': [{'x': 8, 'y': 21}], 'name': 'railgun'}, '10012': {'action': 'move', 'targetPos': [{'x': 9, 'y': 18}]}}
2026-09-23 13:48:59,904 | round 5 -> {'10011': {'action': 'move', 'targetPos': [{'x': 11, 'y': 20}]}, '10010': {'action': 'move', 'targetPos': [{'x': 10, 'y': 19}]}, '10012': {'action': 'move', 'targetPos': [{'x': 10, 'y': 17}]}}
2026-09-23 13:48:59,932 | round 6 -> {'10011': {'action': 'move', 'targetPos': [{'x': 12, 'y': 19}]}, '10010': {'action': 'move', 'targetPos': [{'x': 11, 'y': 18}]}, '10012': {'action': 'move', 'targetPos': [{'x': 11, 'y': 16}]}}
2026-09-23 13:48:59,961 | round 7 -> {'10011': {'action': 'move', 'targetPos': [{'x': 13, 'y': 18}]}, '10010': {'action': 'move', 'targetPos': [{'x': 12, 'y': 17}]}, '10012': {'action': 'move', 'targetPos': [{'x': 12, 'y': 16}]}}
2026-09-23 13:48:59,989 | round 8 -> {'10011': {'action': 'move', 'targetPos': [{'x': 14, 'y': 17}]}, '10010': {'action': 'move', 'targetPos': [{'x': 13, 'y': 17}]}, '10012': {'action': 'move', 'targetPos': [{'x': 11, 'y': 17}]}}
2026-09-23 13:49:00,014 | round 9 -> {'10011': {'action': 'move', 'targetPos': [{'x': 15, 'y': 16}]}, '10010': {'action': 'move', 'targetPos': [{'x': 14, 'y': 18}]}, '10012': {'action': 'move', 'targetPos': [{'x': 12, 'y': 17}]}}
2026-09-23 13:49:00,044 | round 10 -> {'10011': {'action': 'acceptTask'}, '10010': {'action': 'collect', 'targetPos': [{'x': 15, 'y': 19}]}, '10012': {'action': 'move', 'targetPos': [{'x': 13, 'y': 16}]}}
2026-09-23 13:49:00,671 | round 11 -> {'10011': {'action': 'move', 'targetPos': [{'x': 14, 'y': 15}]}, '10010': {'action': 'collect', 'targetPos': [{'x': 15, 'y': 19}]}, '10012': {'action': 'move', 'targetPos': [{'x': 12, 'y': 15}]}}
2026-09-23 13:49:00,703 | round 12 -> {'10011': {'action': 'move', 'targetPos': [{'x': 14, 'y': 16}]}, '10010': {'action': 'collect', 'targetPos': [{'x': 15, 'y': 19}]}, '10012': {'action': 'move', 'targetPos': [{'x': 13, 'y': 15}]}}
2026-09-23 13:49:00,724 | round 13 -> {'10011': {'action': 'move', 'targetPos': [{'x': 15, 'y': 15}]}, '10010': {'action': 'collect', 'targetPos': [{'x': 15, 'y': 19}]}, '10012': {'action': 'move', 'targetPos': [{'x': 14, 'y': 15}]}}
2026-09-23 13:49:00,744 | round 14 -> {'10011': {'action': 'move', 'targetPos': [{'x': 15, 'y': 16}]}, '10010': {'action': 'collect', 'targetPos': [{'x': 15, 'y': 19}]}, '10012': {'action': 'move', 'targetPos': [{'x': 15, 'y': 14}]}}
2026-09-23 13:49:00,765 | round 15 -> {'10011': {'action': 'move', 'targetPos': [{'x': 14, 'y': 15}]}, '10010': {'action': 'collect', 'targetPos': [{'x': 15, 'y': 19}]}, '10012': {'action': 'move', 'targetPos': [{'x': 16, 'y': 13}]}}
2026-09-23 13:49:00,789 | round 16 -> {'10011': {'action': 'move', 'targetPos': [{'x': 14, 'y': 16}]}, '10010': {'action': 'move', 'targetPos': [{'x': 13, 'y': 18}]}, '10012': {'action': 'move', 'targetPos': [{'x': 17, 'y': 12}]}}
2026-09-23 13:49:00,812 | round 17 -> {'10011': {'action': 'move', 'targetPos': [{'x': 13, 'y': 15}]}, '10010': {'action': 'build', 'targetPos': [{'x': 12, 'y': 19}], 'name': 'wall'}, '10012': {'action': 'move', 'targetPos': [{'x': 18, 'y': 12}]}}
2026-09-23 13:49:00,831 | round 18 -> {'10011': {'action': 'move', 'targetPos': [{'x': 13, 'y': 16}]}, '10010': {'action': 'move', 'targetPos': [{'x': 12, 'y': 18}]}, '10012': {'action': 'move', 'targetPos': [{'x': 19, 'y': 13}]}}
2026-09-23 13:49:00,851 | round 19 -> {'10011': {'action': 'move', 'targetPos': [{'x': 14, 'y': 15}]}, '10010': {'action': 'build', 'targetPos': [{'x': 11, 'y': 19}], 'name': 'wall'}, '10012': {'action': 'move', 'targetPos': [{'x': 20, 'y': 14}]}}
2026-09-23 13:49:00,875 | round 20 -> {'10011': {'action': 'acceptTask'}, '10010': {'action': 'move', 'targetPos': [{'x': 11, 'y': 18}]}, '10012': {'action': 'collect', 'targetPos': [{'x': 21, 'y': 15}]}}
2026-09-23 13:49:01,471 | round 21 -> {'10011': {'action': 'move', 'targetPos': [{'x': 15, 'y': 16}]}, '10010': {'action': 'build', 'targetPos': [{'x': 10, 'y': 19}], 'name': 'wall'}, '10012': {'action': 'collect', 'targetPos': [{'x': 21, 'y': 15}]}}
2026-09-23 13:49:01,489 | round 22 -> {'10011': {'action': 'move', 'targetPos': [{'x': 15, 'y': 15}]}, '10010': {'action': 'move', 'targetPos': [{'x': 10, 'y': 18}]}, '10012': {'action': 'collect', 'targetPos': [{'x': 21, 'y': 15}]}}
2026-09-23 13:49:01,507 | round 23 -> {'10011': {'action': 'move', 'targetPos': [{'x': 14, 'y': 16}]}, '10010': {'action': 'build', 'targetPos': [{'x': 9, 'y': 19}], 'name': 'wall'}, '10012': {'action': 'collect', 'targetPos': [{'x': 21, 'y': 15}]}}
2026-09-23 13:49:01,522 | round 24 -> {'10011': {'action': 'move', 'targetPos': [{'x': 13, 'y': 15}]}, '10010': {'action': 'move', 'targetPos': [{'x': 9, 'y': 18}]}, '10012': {'action': 'collect', 'targetPos': [{'x': 21, 'y': 15}]}}
2026-09-23 13:49:01,536 | round 25 -> {'10011': {'action': 'move', 'targetPos': [{'x': 14, 'y': 15}]}, '10010': {'action': 'build', 'targetPos': [{'x': 8, 'y': 19}], 'name': 'wall'}, '10012': {'action': 'collect', 'targetPos': [{'x': 21, 'y': 15}]}}
2026-09-23 13:49:01,555 | round 26 -> {'10011': {'action': 'move', 'targetPos': [{'x': 15, 'y': 16}]}, '10010': {'action': 'move', 'targetPos': [{'x': 8, 'y': 18}]}, '10012': {'action': 'move', 'targetPos': [{'x': 19, 'y': 13}]}}
2026-09-23 13:49:01,571 | round 27 -> {'10011': {'action': 'move', 'targetPos': [{'x': 15, 'y': 15}]}, '10010': {'action': 'build', 'targetPos': [{'x': 7, 'y': 19}], 'name': 'wall'}, '10012': {'action': 'move', 'targetPos': [{'x': 18, 'y': 14}]}}
2026-09-23 13:49:01,588 | round 28 -> {'10011': {'action': 'move', 'targetPos': [{'x': 14, 'y': 16}]}, '10010': {'action': 'move', 'targetPos': [{'x': 9, 'y': 17}]}, '10012': {'action': 'move', 'targetPos': [{'x': 17, 'y': 15}]}}
2026-09-23 13:49:01,603 | round 29 -> {'10011': {'action': 'move', 'targetPos': [{'x': 13, 'y': 15}]}, '10010': {'action': 'move', 'targetPos': [{'x': 10, 'y': 16}]}, '10012': {'action': 'move', 'targetPos': [{'x': 16, 'y': 16}]}}
2026-09-23 13:49:01,621 | round 30 -> {'10011': {'action': 'acceptTask'}, '10010': {'action': 'move', 'targetPos': [{'x': 11, 'y': 15}]}, '10012': {'action': 'move', 'targetPos': [{'x': 15, 'y': 17}]}}
2026-09-23 13:49:01,636 | round 31 -> {'10011': {'action': 'move', 'targetPos': [{'x': 14, 'y': 15}]}, '10010': {'action': 'move', 'targetPos': [{'x': 12, 'y': 16}]}, '10012': {'action': 'move', 'targetPos': [{'x': 14, 'y': 18}]}}
2026-09-23 13:49:01,652 | round 32 -> {'10011': {'action': 'move', 'targetPos': [{'x': 15, 'y': 16}]}, '10010': {'action': 'move', 'targetPos': [{'x': 12, 'y': 17}]}, '10012': {'action': 'move', 'targetPos': [{'x': 13, 'y': 19}]}}
2026-09-23 13:49:01,667 | round 33 -> {'10011': {'action': 'move', 'targetPos': [{'x': 15, 'y': 15}]}, '10010': {'action': 'move', 'targetPos': [{'x': 13, 'y': 17}]}, '10012': {'action': 'move', 'targetPos': [{'x': 12, 'y': 20}]}}
2026-09-23 13:49:01,682 | round 34 -> {'10011': {'action': 'move', 'targetPos': [{'x': 14, 'y': 16}]}, '10010': {'action': 'move', 'targetPos': [{'x': 14, 'y': 18}]}, '10012': {'action': 'move', 'targetPos': [{'x': 11, 'y': 21}]}}
2026-09-23 13:49:01,697 | round 35 -> {'10011': {'action': 'move', 'targetPos': [{'x': 13, 'y': 15}]}, '10010': {'action': 'collect', 'targetPos': [{'x': 15, 'y': 19}]}, '10012': {'action': 'move', 'targetPos': [{'x': 11, 'y': 22}]}}
2026-09-23 13:49:01,713 | round 36 -> {'10011': {'action': 'move', 'targetPos': [{'x': 14, 'y': 15}]}, '10010': {'action': 'collect', 'targetPos': [{'x': 15, 'y': 19}]}, '10012': {'action': 'move', 'targetPos': [{'x': 10, 'y': 23}]}}
2026-09-23 13:49:01,730 | round 37 -> {'10011': {'action': 'move', 'targetPos': [{'x': 15, 'y': 16}]}, '10010': {'action': 'collect', 'targetPos': [{'x': 15, 'y': 19}]}, '10012': {'action': 'move', 'targetPos': [{'x': 9, 'y': 23}]}}
2026-09-23 13:49:01,745 | round 38 -> {'10011': {'action': 'move', 'targetPos': [{'x': 15, 'y': 15}]}, '10010': {'action': 'collect', 'targetPos': [{'x': 15, 'y': 19}]}, '10012': {'action': 'move', 'targetPos': [{'x': 8, 'y': 23}]}}
2026-09-23 13:49:01,762 | round 39 -> {'10011': {'action': 'move', 'targetPos': [{'x': 14, 'y': 16}]}, '10010': {'action': 'move', 'targetPos': [{'x': 13, 'y': 19}]}, '10012': {'action': 'move', 'targetPos': [{'x': 7, 'y': 22}]}}
2026-09-23 13:49:01,778 | round 40 -> {'10011': {'action': 'move', 'targetPos': [{'x': 13, 'y': 15}]}, '10010': {'action': 'move', 'targetPos': [{'x': 12, 'y': 20}]}, '10012': {'action': 'move', 'targetPos': [{'x': 7, 'y': 21}]}}
2026-09-23 13:49:01,792 | round 41 -> {'10011': {'action': 'acceptTask'}, '10010': {'action': 'move', 'targetPos': [{'x': 11, 'y': 21}]}, '10012': {'action': 'build', 'targetPos': [{'x': 7, 'y': 20}], 'name': 'wall'}}
2026-09-23 13:49:01,807 | round 42 -> {'10011': {'action': 'move', 'targetPos': [{'x': 14, 'y': 15}]}, '10010': {'action': 'move', 'targetPos': [{'x': 11, 'y': 22}]}, '10012': {'action': 'build', 'targetPos': [{'x': 7, 'y': 22}], 'name': 'wall'}}
2026-09-23 13:49:01,822 | round 43 -> {'10011': {'action': 'move', 'targetPos': [{'x': 15, 'y': 16}]}, '10010': {'action': 'move', 'targetPos': [{'x': 10, 'y': 23}]}, '10012': {'action': 'move', 'targetPos': [{'x': 6, 'y': 22}]}}
2026-09-23 13:49:01,838 | round 44 -> {'10011': {'action': 'move', 'targetPos': [{'x': 15, 'y': 15}]}, '10010': {'action': 'move', 'targetPos': [{'x': 9, 'y': 23}]}, '10012': {'action': 'build', 'targetPos': [{'x': 7, 'y': 21}], 'name': 'wall'}}
2026-09-23 13:49:01,852 | round 45 -> {'10011': {'action': 'move', 'targetPos': [{'x': 14, 'y': 16}]}, '10010': {'action': 'move', 'targetPos': [{'x': 8, 'y': 23}]}, '10012': {'action': 'build', 'targetPos': [{'x': 7, 'y': 23}], 'name': 'wall'}}
2026-09-23 13:49:01,864 | round 46 -> {'10011': {'action': 'move', 'targetPos': [{'x': 13, 'y': 15}]}, '10010': {'action': 'build', 'targetPos': [{'x': 7, 'y': 24}], 'name': 'wall'}, '10012': {'action': 'move', 'targetPos': [{'x': 6, 'y': 23}]}}
2026-09-23 13:49:01,877 | round 47 -> {'10011': {'action': 'move', 'targetPos': [{'x': 14, 'y': 15}]}, '10010': {'action': 'build', 'targetPos': [{'x': 8, 'y': 24}], 'name': 'wall'}, '10012': {'action': 'move', 'targetPos': [{'x': 6, 'y': 24}]}}
2026-09-23 13:49:01,891 | round 48 -> {'10011': {'action': 'move', 'targetPos': [{'x': 15, 'y': 16}]}, '10010': {'action': 'build', 'targetPos': [{'x': 9, 'y': 24}], 'name': 'wall'}, '10012': {'action': 'move', 'targetPos': [{'x': 7, 'y': 25}]}}
2026-09-23 13:49:01,905 | round 49 -> {'10011': {'action': 'move', 'targetPos': [{'x': 15, 'y': 15}]}, '10010': {'action': 'move', 'targetPos': [{'x': 9, 'y': 23}]}, '10012': {'action': 'move', 'targetPos': [{'x': 8, 'y': 25}]}}
2026-09-23 13:49:01,919 | round 50 -> {'10011': {'action': 'move', 'targetPos': [{'x': 14, 'y': 16}]}, '10010': {'action': 'build', 'targetPos': [{'x': 10, 'y': 24}], 'name': 'wall'}, '10012': {'action': 'move', 'targetPos': [{'x': 9, 'y': 25}]}}
2026-09-23 13:49:01,937 | round 51 -> {'10011': {'action': 'move', 'targetPos': [{'x': 13, 'y': 15}]}, '10010': {'action': 'move', 'targetPos': [{'x': 10, 'y': 23}]}, '10012': {'action': 'move', 'targetPos': [{'x': 10, 'y': 25}]}}
2026-09-23 13:49:01,974 | round 52 -> {'10011': {'action': 'acceptTask'}, '10010': {'action': 'move', 'targetPos': [{'x': 11, 'y': 22}]}, '10012': {'action': 'build', 'targetPos': [{'x': 11, 'y': 24}], 'name': 'wall'}}
2026-09-23 13:49:01,990 | round 53 -> {'10011': {'action': 'move', 'targetPos': [{'x': 14, 'y': 15}]}, '10010': {'action': 'move', 'targetPos': [{'x': 11, 'y': 21}]}, '10012': {'action': 'move', 'targetPos': [{'x': 11, 'y': 25}]}}
2026-09-23 13:49:02,003 | round 54 -> {'10011': {'action': 'move', 'targetPos': [{'x': 15, 'y': 16}]}, '10010': {'action': 'move', 'targetPos': [{'x': 12, 'y': 20}]}, '10012': {'action': 'build', 'targetPos': [{'x': 12, 'y': 24}], 'name': 'wall'}}
2026-09-23 13:49:02,018 | round 55 -> {'10011': {'action': 'move', 'targetPos': [{'x': 15, 'y': 15}]}, '10010': {'action': 'move', 'targetPos': [{'x': 13, 'y': 19}]}, '10012': {'action': 'move', 'targetPos': [{'x': 12, 'y': 25}]}}
2026-09-23 13:49:02,030 | round 56 -> {'10011': {'action': 'move', 'targetPos': [{'x': 14, 'y': 16}]}, '10010': {'action': 'move', 'targetPos': [{'x': 14, 'y': 18}]}, '10012': {'action': 'move', 'targetPos': [{'x': 13, 'y': 24}]}}
2026-09-23 13:49:02,044 | round 57 -> {'10011': {'action': 'move', 'targetPos': [{'x': 13, 'y': 15}]}, '10010': {'action': 'move', 'targetPos': [{'x': 15, 'y': 17}]}, '10012': {'action': 'move', 'targetPos': [{'x': 12, 'y': 23}]}}
2026-09-23 13:49:02,059 | round 58 -> {'10011': {'action': 'move', 'targetPos': [{'x': 14, 'y': 15}]}, '10010': {'action': 'move', 'targetPos': [{'x': 16, 'y': 16}]}, '10012': {'action': 'move', 'targetPos': [{'x': 11, 'y': 22}]}}
2026-09-23 13:49:02,072 | round 59 -> {'10010': {'action': 'move', 'targetPos': [{'x': 15, 'y': 15}]}, '10011': {'action': 'move', 'targetPos': [{'x': 13, 'y': 16}]}, '10012': {'action': 'move', 'targetPos': [{'x': 10, 'y': 23}]}}
2026-09-23 13:49:02,085 | round 60 -> {'10010': {'action': 'move', 'targetPos': [{'x': 14, 'y': 16}]}, '10011': {'action': 'move', 'targetPos': [{'x': 12, 'y': 17}]}, '10012': {'action': 'move', 'targetPos': [{'x': 9, 'y': 23}]}}
2026-09-23 13:49:02,169 | round 61 -> {'10010': {'action': 'move', 'targetPos': [{'x': 13, 'y': 17}]}, '10011': {'action': 'move', 'targetPos': [{'x': 12, 'y': 18}]}, '10012': {}}
2026-09-23 13:49:02,262 | round 62 -> {'10010': {'action': 'move', 'targetPos': [{'x': 13, 'y': 18}]}, '10011': {'action': 'move', 'targetPos': [{'x': 13, 'y': 19}]}, '10012': {}}
2026-09-23 13:49:02,275 | round 63 -> {'10010': {'action': 'move', 'targetPos': [{'x': 14, 'y': 19}]}, '10011': {'action': 'move', 'targetPos': [{'x': 12, 'y': 20}]}, '10012': {'action': 'move', 'targetPos': [{'x': 10, 'y': 23}]}}
2026-09-23 13:49:02,289 | round 64 -> {'10010': {'action': 'move', 'targetPos': [{'x': 13, 'y': 20}]}, '10011': {'action': 'move', 'targetPos': [{'x': 11, 'y': 20}]}, '10012': {'action': 'move', 'targetPos': [{'x': 9, 'y': 23}]}}
2026-09-23 13:49:02,376 | round 65 -> {'10010': {'action': 'move', 'targetPos': [{'x': 12, 'y': 20}]}, '10011': {'action': 'move', 'targetPos': [{'x': 10, 'y': 20}]}, '10012': {}}
2026-09-23 13:49:02,478 | round 66 -> {'10010': {'action': 'move', 'targetPos': [{'x': 11, 'y': 20}]}, '10011': {'action': 'move', 'targetPos': [{'x': 9, 'y': 20}]}, '10012': {}}
2026-09-23 13:49:02,494 | round 67 -> {'10010': {'action': 'move', 'targetPos': [{'x': 10, 'y': 20}]}, '10011': {}, '10012': {'action': 'move', 'targetPos': [{'x': 10, 'y': 23}]}}
2026-09-23 13:49:02,507 | round 68 -> {'10010': {'action': 'move', 'targetPos': [{'x': 11, 'y': 20}]}, '10012': {'action': 'move', 'targetPos': [{'x': 9, 'y': 23}]}, '10011': {}}
2026-09-23 13:49:02,590 | round 69 -> {'10010': {'action': 'move', 'targetPos': [{'x': 10, 'y': 20}]}, '10011': {'action': 'move', 'targetPos': [{'x': 10, 'y': 20}]}, '10012': {}}
2026-09-23 13:49:02,672 | round 70 -> {'10010': {'action': 'move', 'targetPos': [{'x': 10, 'y': 20}]}, '10011': {'action': 'move', 'targetPos': [{'x': 10, 'y': 20}]}, '10012': {}}
2026-09-23 13:49:02,699 | round 71 -> {'10011': {}, '10040': {'action': 'attack', 'targetPos': [{'x': 16, 'y': 12}], 'controllerId': '10012'}, '10012': {}, '10010': {'action': 'move', 'targetPos': [{'x': 12, 'y': 20}]}}
2026-09-23 13:49:02,737 | round 72 -> {'10011': {}, '10012': {}, '10010': {'action': 'move', 'targetPos': [{'x': 13, 'y': 19}]}}
2026-09-23 13:49:02,760 | round 73 -> {'10011': {}, '10012': {}, '10010': {'action': 'move', 'targetPos': [{'x': 14, 'y': 18}]}}
2026-09-23 13:49:02,810 | round 74 -> {'10011': {}, '10012': {}, '10010': {}}
2026-09-23 13:49:02,855 | round 75 -> {'10011': {}, '10040': {'action': 'attack', 'targetPos': [{'x': 18, 'y': 12}], 'controllerId': '10012'}, '10012': {}, '10010': {}}
2026-09-23 13:49:02,872 | round 76 -> {'10011': {}, '10012': {}, '10010': {'action': 'move', 'targetPos': [{'x': 13, 'y': 19}]}}
2026-09-23 13:49:02,897 | round 77 -> {'10011': {}, '10012': {}, '10010': {'action': 'move', 'targetPos': [{'x': 12, 'y': 18}]}}
2026-09-23 13:49:02,920 | round 78 -> {'10011': {}, '10012': {}, '10010': {'action': 'move', 'targetPos': [{'x': 11, 'y': 17}]}}
2026-09-23 13:49:02,961 | round 79 -> {'10011': {}, '10040': {'action': 'attack', 'targetPos': [{'x': 15, 'y': 21}], 'controllerId': '10012'}, '10012': {}, '10010': {}}
2026-09-23 13:49:03,025 | round 80 -> {'10030': {'action': 'attack', 'targetPos': [{'x': 14, 'y': 21}], 'controllerId': '10011'}, '10011': {}, '10012': {}, '10010': {}}
2026-09-23 13:49:03,068 | round 81 -> {'10030': {'action': 'attack', 'targetPos': [{'x': 13, 'y': 21}], 'controllerId': '10011'}, '10011': {}, '10012': {}, '10010': {'action': 'move', 'targetPos': [{'x': 12, 'y': 18}]}}
2026-09-23 13:49:03,099 | round 82 -> {'10030': {'action': 'attack', 'targetPos': [{'x': 12, 'y': 21}], 'controllerId': '10011'}, '10011': {}, '10012': {}, '10010': {'action': 'move', 'targetPos': [{'x': 13, 'y': 17}]}}
2026-09-23 13:49:03,169 | round 83 -> {'10030': {'action': 'attack', 'targetPos': [{'x': 11, 'y': 21}], 'controllerId': '10011'}, '10011': {}, '10040': {'action': 'attack', 'targetPos': [{'x': 11, 'y': 22}], 'controllerId': '10012'}, '10012': {}, '10010': {}}
2026-09-23 13:49:03,248 | round 84 -> {'10030': {'action': 'attack', 'targetPos': [{'x': 11, 'y': 22}], 'controllerId': '10011'}, '10011': {}, '10012': {}, '10010': {}}
2026-09-23 13:49:03,313 | round 85 -> {'10030': {'action': 'attack', 'targetPos': [{'x': 11, 'y': 21}], 'controllerId': '10011'}, '10011': {}, '10012': {}, '10010': {}}
2026-09-23 13:49:03,375 | round 86 -> {'10030': {'action': 'attack', 'targetPos': [{'x': 11, 'y': 21}], 'controllerId': '10011'}, '10011': {}, '10012': {}, '10010': {}}
2026-09-23 13:49:03,434 | round 87 -> {'10030': {'action': 'attack', 'targetPos': [{'x': 11, 'y': 21}], 'controllerId': '10011'}, '10011': {}, '10040': {'action': 'attack', 'targetPos': [{'x': 11, 'y': 22}], 'controllerId': '10012'}, '10012': {}, '10010': {}}
2026-09-23 13:49:03,494 | round 88 -> {'10030': {'action': 'attack', 'targetPos': [{'x': 11, 'y': 22}], 'controllerId': '10011'}, '10011': {}, '10012': {}, '10010': {}}
2026-09-23 13:49:03,591 | round 89 -> {'10030': {'action': 'attack', 'targetPos': [{'x': 11, 'y': 21}], 'controllerId': '10011'}, '10011': {}, '10012': {}, '10010': {}}
2026-09-23 13:49:03,692 | round 90 -> {'10030': {'action': 'attack', 'targetPos': [{'x': 11, 'y': 21}], 'controllerId': '10011'}, '10011': {}, '10012': {}, '10010': {}}
2026-09-23 13:49:03,716 | round 91 -> {'10020': {'action': 'attack', 'targetPos': [{'x': 11, 'y': 21}], 'controllerId': '10011'}, '10011': {}, '10012': {}}
2026-09-23 13:49:03,743 | round 92 -> {'10020': {'action': 'attack', 'targetPos': [{'x': 11, 'y': 21}], 'controllerId': '10011'}, '10011': {}, '10012': {}}
2026-09-23 13:49:03,770 | round 93 -> {'10020': {'action': 'attack', 'targetPos': [{'x': 11, 'y': 20}], 'controllerId': '10011'}, '10011': {}, '10012': {}}
2026-09-23 13:49:03,790 | round 94 -> {'10020': {'action': 'attack', 'targetPos': [{'x': 11, 'y': 21}], 'controllerId': '10011'}, '10011': {}, '10012': {'action': 'move', 'targetPos': [{'x': 10, 'y': 23}]}}
2026-09-23 13:49:03,810 | round 95 -> {'10020': {'action': 'attack', 'targetPos': [{'x': 11, 'y': 21}], 'controllerId': '10011'}, '10011': {}, '10012': {'action': 'move', 'targetPos': [{'x': 11, 'y': 22}]}}
2026-09-23 13:49:03,831 | round 96 -> {'10020': {'action': 'attack', 'targetPos': [{'x': 11, 'y': 20}], 'controllerId': '10011'}, '10011': {}, '10012': {'action': 'move', 'targetPos': [{'x': 12, 'y': 22}]}}
2026-09-23 13:49:03,850 | round 97 -> {'10020': {'action': 'attack', 'targetPos': [{'x': 10, 'y': 18}], 'controllerId': '10011'}, '10011': {}, '10012': {'action': 'move', 'targetPos': [{'x': 13, 'y': 22}]}}
2026-09-23 13:49:03,871 | round 98 -> {'10020': {'action': 'attack', 'targetPos': [{'x': 10, 'y': 18}], 'controllerId': '10011'}, '10011': {}, '10012': {'action': 'move', 'targetPos': [{'x': 14, 'y': 21}]}}
2026-09-23 13:49:03,931 | round 99 -> {'10020': {'action': 'attack', 'targetPos': [{'x': 10, 'y': 18}], 'controllerId': '10011'}, '10011': {}, '10012': {}}
2026-09-23 13:49:03,968 | round 100 -> {'10020': {'action': 'attack', 'targetPos': [{'x': 10, 'y': 18}], 'controllerId': '10011'}, '10011': {}, '10012': {}}
2026-09-23 13:49:04,025 | round 101 -> {'10020': {'action': 'attack', 'targetPos': [{'x': 11, 'y': 20}], 'controllerId': '10011'}, '10011': {}, '10012': {'action': 'move', 'targetPos': [{'x': 13, 'y': 22}]}}
2026-09-23 13:49:04,173 | round 102 -> {'10020': {'action': 'attack', 'targetPos': [{'x': 10, 'y': 18}], 'controllerId': '10011'}, '10011': {}, '10012': {'action': 'move', 'targetPos': [{'x': 12, 'y': 21}]}}
2026-09-23 13:49:04,345 | round 103 -> {'10020': {'action': 'attack', 'targetPos': [{'x': 10, 'y': 18}], 'controllerId': '10011'}, '10011': {}, '10012': {'action': 'move', 'targetPos': [{'x': 11, 'y': 22}]}}
2026-09-23 13:49:04,489 | round 104 -> {'10020': {'action': 'attack', 'targetPos': [{'x': 10, 'y': 18}], 'controllerId': '10011'}, '10011': {}, '10012': {}}
2026-09-23 13:49:04,628 | round 105 -> {'10020': {'action': 'attack', 'targetPos': [{'x': 10, 'y': 18}], 'controllerId': '10011'}, '10011': {}, '10012': {}}
2026-09-23 13:49:04,699 | round 106 -> {'10020': {'action': 'attack', 'targetPos': [{'x': 11, 'y': 23}], 'controllerId': '10011'}, '10011': {}, '10012': {'action': 'move', 'targetPos': [{'x': 12, 'y': 21}]}}
2026-09-23 13:49:04,760 | round 107 -> {'10020': {'action': 'attack', 'targetPos': [{'x': 11, 'y': 23}], 'controllerId': '10011'}, '10011': {}, '10012': {'action': 'move', 'targetPos': [{'x': 13, 'y': 22}]}}
2026-09-23 13:49:04,824 | round 108 -> {'10020': {'action': 'attack', 'targetPos': [{'x': 11, 'y': 23}], 'controllerId': '10011'}, '10011': {}, '10012': {'action': 'move', 'targetPos': [{'x': 14, 'y': 21}]}}
2026-09-23 13:49:04,893 | round 109 -> {'10020': {'action': 'attack', 'targetPos': [{'x': 11, 'y': 20}], 'controllerId': '10011'}, '10011': {}, '10012': {}}
2026-09-23 13:49:04,969 | round 110 -> {'10020': {'action': 'attack', 'targetPos': [{'x': 11, 'y': 20}], 'controllerId': '10011'}, '10011': {}, '10012': {}}
2026-09-23 13:49:05,040 | round 111 -> {'10020': {'action': 'attack', 'targetPos': [{'x': 11, 'y': 20}], 'controllerId': '10011'}, '10011': {}, '10012': {'action': 'move', 'targetPos': [{'x': 13, 'y': 22}]}}
2026-09-23 13:49:05,217 | round 112 -> {'10020': {'action': 'attack', 'targetPos': [{'x': 11, 'y': 20}], 'controllerId': '10011'}, '10011': {}, '10012': {'action': 'move', 'targetPos': [{'x': 12, 'y': 21}]}}
2026-09-23 13:49:05,371 | round 113 -> {'10020': {'action': 'attack', 'targetPos': [{'x': 11, 'y': 21}], 'controllerId': '10011'}, '10011': {}, '10012': {'action': 'move', 'targetPos': [{'x': 11, 'y': 22}]}}
2026-09-23 13:49:05,525 | round 114 -> {'10020': {'action': 'attack', 'targetPos': [{'x': 11, 'y': 21}], 'controllerId': '10011'}, '10011': {}, '10012': {}}
2026-09-23 13:49:05,681 | round 115 -> {'10020': {'action': 'attack', 'targetPos': [{'x': 11, 'y': 23}], 'controllerId': '10011'}, '10011': {}, '10012': {}}
2026-09-23 13:49:05,753 | round 116 -> {'10020': {'action': 'attack', 'targetPos': [{'x': 11, 'y': 23}], 'controllerId': '10011'}, '10011': {}, '10012': {'action': 'move', 'targetPos': [{'x': 12, 'y': 21}]}}
2026-09-23 13:49:05,824 | round 117 -> {'10020': {'action': 'attack', 'targetPos': [{'x': 11, 'y': 23}], 'controllerId': '10011'}, '10011': {}, '10012': {'action': 'move', 'targetPos': [{'x': 13, 'y': 22}]}}
2026-09-23 13:49:05,896 | round 118 -> {'10020': {'action': 'attack', 'targetPos': [{'x': 11, 'y': 23}], 'controllerId': '10011'}, '10011': {}, '10012': {'action': 'move', 'targetPos': [{'x': 14, 'y': 21}]}}
2026-09-23 13:49:06,027 | round 119 -> {'10020': {'action': 'attack', 'targetPos': [{'x': 11, 'y': 23}], 'controllerId': '10011'}, '10011': {}, '10012': {}}
2026-09-23 13:49:06,161 | round 120 -> {'10020': {'action': 'attack', 'targetPos': [{'x': 11, 'y': 23}], 'controllerId': '10011'}, '10011': {}, '10012': {}}
2026-09-23 13:49:06,235 | round 121 -> {'10020': {'action': 'attack', 'targetPos': [{'x': 11, 'y': 22}], 'controllerId': '10011'}, '10011': {}, '10012': {'action': 'move', 'targetPos': [{'x': 13, 'y': 22}]}}
2026-09-23 13:49:06,309 | round 122 -> {'10020': {'action': 'attack', 'targetPos': [{'x': 11, 'y': 23}], 'controllerId': '10011'}, '10011': {}, '10012': {'action': 'move', 'targetPos': [{'x': 12, 'y': 21}]}}
2026-09-23 13:49:06,393 | round 123 -> {'10020': {'action': 'attack', 'targetPos': [{'x': 11, 'y': 23}], 'controllerId': '10011'}, '10011': {}, '10012': {'action': 'move', 'targetPos': [{'x': 13, 'y': 20}]}}
2026-09-23 13:49:06,461 | round 124 -> {'10020': {'action': 'attack', 'targetPos': [{'x': 11, 'y': 23}], 'controllerId': '10011'}, '10011': {}, '10012': {'action': 'move', 'targetPos': [{'x': 14, 'y': 19}]}}
2026-09-23 13:49:06,592 | round 125 -> {'10020': {'action': 'attack', 'targetPos': [{'x': 11, 'y': 23}], 'controllerId': '10011'}, '10011': {}, '10012': {}}
2026-09-23 13:49:06,661 | round 126 -> {'10020': {'action': 'attack', 'targetPos': [{'x': 11, 'y': 22}], 'controllerId': '10011'}, '10011': {}, '10012': {}}
2026-09-23 13:49:06,788 | round 127 -> {'10020': {'action': 'attack', 'targetPos': [{'x': 11, 'y': 22}], 'controllerId': '10011'}, '10011': {}, '10012': {}}
2026-09-23 13:49:06,919 | round 128 -> {'10020': {'action': 'attack', 'targetPos': [{'x': 11, 'y': 22}], 'controllerId': '10011'}, '10011': {}, '10012': {}}
2026-09-23 13:49:06,986 | round 129 -> {'10020': {'action': 'attack', 'targetPos': [{'x': 11, 'y': 23}], 'controllerId': '10011'}, '10011': {}, '10012': {'action': 'move', 'targetPos': [{'x': 13, 'y': 20}]}}
2026-09-23 13:49:07,056 | round 130 -> {'10020': {'action': 'attack', 'targetPos': [{'x': 11, 'y': 23}], 'controllerId': '10011'}, '10011': {}, '10012': {'action': 'move', 'targetPos': [{'x': 13, 'y': 19}]}}
2026-09-23 13:49:07,125 | round 131 -> {'10011': {'action': 'move', 'targetPos': [{'x': 10, 'y': 20}]}, '10012': {'action': 'move', 'targetPos': [{'x': 14, 'y': 18}]}}
2026-09-23 13:49:08,677 | round 132 -> {'10011': {'action': 'move', 'targetPos': [{'x': 11, 'y': 20}]}, '10012': {'action': 'move', 'targetPos': [{'x': 15, 'y': 17}]}}
2026-09-23 13:49:11,015 | round 133 -> {'10011': {'action': 'move', 'targetPos': [{'x': 12, 'y': 19}]}, '10012': {'action': 'move', 'targetPos': [{'x': 16, 'y': 16}]}}
2026-09-23 13:49:12,796 | round 134 -> {'10011': {'action': 'move', 'targetPos': [{'x': 13, 'y': 18}]}, '10012': {'action': 'move', 'targetPos': [{'x': 17, 'y': 15}]}}
2026-09-23 13:49:12,807 | round 135 -> {'10011': {'action': 'move', 'targetPos': [{'x': 14, 'y': 17}]}, '10012': {'action': 'move', 'targetPos': [{'x': 18, 'y': 14}]}}
2026-09-23 13:49:12,819 | round 136 -> {'10011': {'action': 'move', 'targetPos': [{'x': 15, 'y': 16}]}, '10012': {'action': 'move', 'targetPos': [{'x': 19, 'y': 13}]}}
2026-09-23 13:49:12,831 | round 137 -> {'10011': {'action': 'acceptTask'}, '10012': {'action': 'move', 'targetPos': [{'x': 20, 'y': 14}]}}
2026-09-23 13:49:13,435 | round 138 -> {'10012': {'action': 'collect', 'targetPos': [{'x': 21, 'y': 15}]}, '10011': {}}
2026-09-23 13:49:13,450 | round 139 -> {'10012': {'action': 'move', 'targetPos': [{'x': 19, 'y': 13}]}, '10011': {}}
2026-09-23 13:49:13,462 | round 140 -> {'10012': {'action': 'move', 'targetPos': [{'x': 18, 'y': 14}]}, '10011': {}}
2026-09-23 13:49:13,474 | round 141 -> {'10012': {'action': 'move', 'targetPos': [{'x': 17, 'y': 15}]}, '10011': {}}
2026-09-23 13:49:13,488 | round 142 -> {'10012': {'action': 'move', 'targetPos': [{'x': 16, 'y': 16}]}, '10011': {}}
2026-09-23 13:49:13,503 | round 143 -> {'10012': {'action': 'move', 'targetPos': [{'x': 15, 'y': 17}]}, '10011': {}}
2026-09-23 13:49:13,520 | round 144 -> {'10012': {'action': 'move', 'targetPos': [{'x': 14, 'y': 17}]}, '10011': {}}
2026-09-23 13:49:13,541 | round 145 -> {'10012': {'action': 'move', 'targetPos': [{'x': 13, 'y': 18}]}, '10011': {}}
2026-09-23 13:49:13,564 | round 146 -> {'10012': {'action': 'build', 'targetPos': [{'x': 12, 'y': 19}], 'name': 'wall'}, '10011': {}}
2026-09-23 13:49:13,582 | round 147 -> {'10011': {'action': 'acceptTask'}, '10012': {}}
2026-09-23 13:49:13,593 | round 148 -> {'10012': {'action': 'move', 'targetPos': [{'x': 14, 'y': 17}]}, '10011': {}}
2026-09-23 13:49:13,604 | round 149 -> {'10012': {'action': 'move', 'targetPos': [{'x': 15, 'y': 17}]}, '10011': {}}
2026-09-23 13:49:13,614 | round 150 -> {'10012': {'action': 'move', 'targetPos': [{'x': 16, 'y': 16}]}, '10011': {}}
2026-09-23 13:49:13,628 | round 151 -> {'10010': {'action': 'move', 'targetPos': [{'x': 9, 'y': 24}]}, '10012': {'action': 'move', 'targetPos': [{'x': 17, 'y': 15}]}, '10011': {}}
2026-09-23 13:49:13,644 | round 152 -> {'10010': {'action': 'move', 'targetPos': [{'x': 8, 'y': 25}]}, '10012': {'action': 'move', 'targetPos': [{'x': 18, 'y': 14}]}, '10011': {}}
2026-09-23 13:49:13,661 | round 153 -> {'10010': {'action': 'move', 'targetPos': [{'x': 7, 'y': 25}]}, '10012': {'action': 'move', 'targetPos': [{'x': 19, 'y': 13}]}, '10011': {}}
2026-09-23 13:49:13,675 | round 154 -> {'10010': {'action': 'move', 'targetPos': [{'x': 6, 'y': 24}]}, '10012': {'action': 'move', 'targetPos': [{'x': 20, 'y': 14}]}, '10011': {}}
2026-09-23 13:49:13,686 | round 155 -> {'10010': {'action': 'move', 'targetPos': [{'x': 5, 'y': 23}]}, '10012': {'action': 'collect', 'targetPos': [{'x': 21, 'y': 15}]}, '10011': {}}
2026-09-23 13:49:13,708 | round 156 -> {'10012': {'action': 'move', 'targetPos': [{'x': 19, 'y': 14}]}, '10010': {'action': 'move', 'targetPos': [{'x': 4, 'y': 22}]}, '10011': {}}
2026-09-23 13:49:13,727 | round 157 -> {'10011': {'action': 'move', 'targetPos': [{'x': 14, 'y': 15}]}, '10010': {'action': 'move', 'targetPos': [{'x': 3, 'y': 21}]}, '10012': {'action': 'move', 'targetPos': [{'x': 20, 'y': 15}]}}
2026-09-23 13:49:13,745 | round 158 -> {'10012': {'action': 'move', 'targetPos': [{'x': 19, 'y': 16}]}, '10010': {'action': 'move', 'targetPos': [{'x': 2, 'y': 20}]}, '10011': {}}
2026-09-23 13:49:13,761 | round 159 -> {'10011': {'action': 'acceptTask'}, '10010': {'action': 'move', 'targetPos': [{'x': 1, 'y': 19}]}, '10012': {'action': 'move', 'targetPos': [{'x': 19, 'y': 15}]}}
2026-09-23 13:49:14,353 | round 160 -> {'10012': {'action': 'move', 'targetPos': [{'x': 18, 'y': 15}]}, '10010': {'action': 'move', 'targetPos': [{'x': 0, 'y': 18}]}, '10011': {}}
2026-09-23 13:49:14,368 | round 161 -> {'10012': {'action': 'move', 'targetPos': [{'x': 17, 'y': 16}]}, '10010': {'action': 'move', 'targetPos': [{'x': 1, 'y': 17}]}, '10011': {}}
2026-09-23 13:49:14,382 | round 162 -> {'10012': {'action': 'move', 'targetPos': [{'x': 16, 'y': 16}]}, '10010': {'action': 'move', 'targetPos': [{'x': 2, 'y': 16}]}, '10011': {}}
2026-09-23 13:49:14,396 | round 163 -> {'10012': {'action': 'move', 'targetPos': [{'x': 15, 'y': 17}]}, '10010': {'action': 'move', 'targetPos': [{'x': 3, 'y': 15}]}, '10011': {}}
2026-09-23 13:49:14,416 | round 164 -> {'10012': {'action': 'move', 'targetPos': [{'x': 14, 'y': 18}]}, '10010': {'action': 'collect', 'targetPos': [{'x': 4, 'y': 14}]}, '10011': {}}
2026-09-23 13:49:14,462 | round 165 -> {'10012': {'action': 'move', 'targetPos': [{'x': 13, 'y': 19}]}, '10010': {'action': 'collect', 'targetPos': [{'x': 4, 'y': 14}]}, '10011': {}}
2026-09-23 13:49:14,511 | round 166 -> {'10012': {'action': 'move', 'targetPos': [{'x': 12, 'y': 20}]}, '10010': {'action': 'collect', 'targetPos': [{'x': 4, 'y': 14}]}, '10011': {}}
2026-09-23 13:49:14,564 | round 167 -> {'10012': {'action': 'build', 'targetPos': [{'x': 12, 'y': 21}], 'name': 'wall'}, '10010': {'action': 'collect', 'targetPos': [{'x': 4, 'y': 14}]}, '10011': {}}
2026-09-23 13:49:14,610 | round 168 -> {'10010': {'action': 'move', 'targetPos': [{'x': 2, 'y': 16}]}, '10011': {}, '10012': {}}
2026-09-23 13:49:14,644 | round 169 -> {'10011': {'action': 'acceptTask'}, '10010': {'action': 'move', 'targetPos': [{'x': 2, 'y': 15}]}, '10012': {'action': 'move', 'targetPos': [{'x': 13, 'y': 19}]}}
2026-09-23 13:49:14,669 | round 170 -> {'10010': {'action': 'move', 'targetPos': [{'x': 1, 'y': 16}]}, '10012': {'action': 'move', 'targetPos': [{'x': 14, 'y': 18}]}, '10011': {}}
2026-09-23 13:49:14,705 | round 171 -> {'10010': {'action': 'move', 'targetPos': [{'x': 2, 'y': 17}]}, '10012': {'action': 'move', 'targetPos': [{'x': 15, 'y': 17}]}, '10011': {}}
2026-09-23 13:49:14,729 | round 172 -> {'10010': {'action': 'move', 'targetPos': [{'x': 3, 'y': 18}]}, '10012': {'action': 'move', 'targetPos': [{'x': 16, 'y': 16}]}, '10011': {}}
2026-09-23 13:49:14,752 | round 173 -> {'10010': {'action': 'move', 'targetPos': [{'x': 4, 'y': 19}]}, '10012': {'action': 'move', 'targetPos': [{'x': 17, 'y': 15}]}, '10011': {}}
2026-09-23 13:49:14,772 | round 174 -> {'10010': {'action': 'move', 'targetPos': [{'x': 5, 'y': 20}]}, '10012': {'action': 'move', 'targetPos': [{'x': 18, 'y': 14}]}, '10011': {}}
2026-09-23 13:49:14,792 | round 175 -> {'10010': {'action': 'move', 'targetPos': [{'x': 6, 'y': 21}]}, '10012': {'action': 'move', 'targetPos': [{'x': 19, 'y': 13}]}, '10011': {}}
2026-09-23 13:49:14,812 | round 176 -> {'10010': {'action': 'move', 'targetPos': [{'x': 6, 'y': 22}]}, '10012': {'action': 'move', 'targetPos': [{'x': 20, 'y': 14}]}, '10011': {}}
2026-09-23 13:49:14,829 | round 177 -> {'10010': {'action': 'move', 'targetPos': [{'x': 6, 'y': 23}]}, '10012': {'action': 'collect', 'targetPos': [{'x': 21, 'y': 15}]}, '10011': {}}
2026-09-23 13:49:14,850 | round 178 -> {'10010': {'action': 'move', 'targetPos': [{'x': 6, 'y': 24}]}, '10012': {'action': 'collect', 'targetPos': [{'x': 21, 'y': 15}]}, '10011': {}}
2026-09-23 13:49:14,872 | round 179 -> {'10011': {'action': 'move', 'targetPos': [{'x': 15, 'y': 16}]}, '10010': {'action': 'move', 'targetPos': [{'x': 5, 'y': 23}]}, '10012': {'action': 'move', 'targetPos': [{'x': 19, 'y': 13}]}}
2026-09-23 13:49:14,903 | round 180 -> {'10010': {'action': 'move', 'targetPos': [{'x': 6, 'y': 24}]}, '10012': {'action': 'move', 'targetPos': [{'x': 18, 'y': 12}]}, '10011': {}}
2026-09-23 13:49:14,956 | round 181 -> {'10011': {'action': 'acceptTask'}, '10010': {}, '10012': {'action': 'move', 'targetPos': [{'x': 17, 'y': 11}]}}
2026-09-23 13:49:15,599 | round 182 -> {'10010': {'action': 'move', 'targetPos': [{'x': 7, 'y': 25}]}, '10012': {'action': 'move', 'targetPos': [{'x': 16, 'y': 10}]}, '10011': {}}
2026-09-23 13:49:15,651 | round 183 -> {'10010': {'action': 'move', 'targetPos': [{'x': 8, 'y': 25}]}, '10012': {'action': 'move', 'targetPos': [{'x': 15, 'y': 9}]}, '10011': {}}
2026-09-23 13:49:15,711 | round 184 -> {'10010': {'action': 'build', 'targetPos': [{'x': 9, 'y': 24}], 'name': 'wall'}, '10012': {'action': 'move', 'targetPos': [{'x': 14, 'y': 8}]}, '10011': {}}
2026-09-23 13:49:15,758 | round 185 -> {'10010': {'action': 'move', 'targetPos': [{'x': 9, 'y': 25}]}, '10012': {'action': 'move', 'targetPos': [{'x': 13, 'y': 7}]}, '10011': {}}
2026-09-23 13:49:15,813 | round 186 -> {'10010': {'action': 'move', 'targetPos': [{'x': 10, 'y': 25}]}, '10012': {'action': 'move', 'targetPos': [{'x': 12, 'y': 6}]}, '10011': {}}
2026-09-23 13:49:15,885 | round 187 -> {'10010': {'action': 'move', 'targetPos': [{'x': 11, 'y': 25}]}, '10012': {'action': 'move', 'targetPos': [{'x': 11, 'y': 5}]}, '10011': {}}
2026-09-23 13:49:15,930 | round 188 -> {'10010': {'action': 'build', 'targetPos': [{'x': 12, 'y': 24}], 'name': 'wall'}, '10012': {'action': 'move', 'targetPos': [{'x': 10, 'y': 4}]}, '10011': {}}
2026-09-23 13:49:15,977 | round 189 -> {'10010': {'action': 'move', 'targetPos': [{'x': 12, 'y': 25}]}, '10012': {'action': 'move', 'targetPos': [{'x': 9, 'y': 3}]}, '10011': {}}
2026-09-23 13:49:16,012 | round 190 -> {'10010': {'action': 'move', 'targetPos': [{'x': 13, 'y': 24}]}, '10012': {'action': 'move', 'targetPos': [{'x': 8, 'y': 2}]}, '10011': {}}
2026-09-23 13:49:16,044 | round 191 -> {'10011': {'action': 'acceptTask'}, '10010': {'action': 'move', 'targetPos': [{'x': 12, 'y': 23}]}, '10012': {'action': 'move', 'targetPos': [{'x': 7, 'y': 1}]}}
2026-09-23 13:49:16,097 | round 192 -> {'10010': {'action': 'build', 'targetPos': [{'x': 12, 'y': 23}], 'name': 'wall'}, '10012': {'action': 'collect', 'targetPos': [{'x': 8, 'y': 0}]}, '10011': {}}
2026-09-23 13:49:16,141 | round 193 -> {'10012': {'action': 'move', 'targetPos': [{'x': 6, 'y': 2}]}, '10010': {'action': 'move', 'targetPos': [{'x': 11, 'y': 22}]}, '10011': {}}
2026-09-23 13:49:16,166 | round 194 -> {'10012': {'action': 'move', 'targetPos': [{'x': 5, 'y': 3}]}, '10010': {'action': 'move', 'targetPos': [{'x': 11, 'y': 21}]}, '10011': {}}
2026-09-23 13:49:16,191 | round 195 -> {'10010': {'action': 'move', 'targetPos': [{'x': 11, 'y': 22}]}, '10012': {'action': 'move', 'targetPos': [{'x': 5, 'y': 2}]}, '10011': {}}
2026-09-23 13:49:16,236 | round 196 -> {'10012': {'action': 'move', 'targetPos': [{'x': 4, 'y': 3}]}, '10010': {}, '10011': {}}
2026-09-23 13:49:16,289 | round 197 -> {'10010': {'action': 'build', 'targetPos': [{'x': 12, 'y': 23}], 'name': 'wall'}, '10011': {}, '10012': {}}
2026-09-23 13:49:16,314 | round 198 -> {'10010': {'action': 'build', 'targetPos': [{'x': 12, 'y': 22}], 'name': 'wall'}, '10011': {}, '10012': {}}
2026-09-23 13:49:16,458 | round 199 -> {'10012': {'action': 'move', 'targetPos': [{'x': 5, 'y': 2}]}, '10010': {'action': 'move', 'targetPos': [{'x': 11, 'y': 21}]}, '10011': {}}
2026-09-23 13:49:16,601 | round 200 -> {'10012': {'action': 'move', 'targetPos': [{'x': 6, 'y': 2}]}, '10010': {'action': 'move', 'targetPos': [{'x': 12, 'y': 20}]}, '10011': {}}
2026-09-23 13:49:17,179 | round 201 -> {'10010': {'action': 'move', 'targetPos': [{'x': 11, 'y': 20}]}, '10011': {}, '10012': {}}
2026-09-23 13:49:17,233 | round 202 -> {'10010': {'action': 'move', 'targetPos': [{'x': 10, 'y': 20}]}, '10011': {'action': 'move', 'targetPos': [{'x': 14, 'y': 17}]}, '10012': {'action': 'move', 'targetPos': [{'x': 5, 'y': 3}]}}
2026-09-23 13:49:17,497 | round 203 -> {'10010': {'action': 'move', 'targetPos': [{'x': 9, 'y': 20}]}, '10012': {'action': 'move', 'targetPos': [{'x': 4, 'y': 4}]}, '10011': {}}
2026-09-23 13:49:17,533 | round 204 -> {'10010': {}, '10012': {'action': 'move', 'targetPos': [{'x': 3, 'y': 5}]}, '10011': {}}
2026-09-23 13:49:17,582 | round 205 -> {'10010': {}, '10012': {'action': 'move', 'targetPos': [{'x': 2, 'y': 6}]}, '10011': {}}
2026-09-23 13:49:17,623 | round 206 -> {'10010': {}, '10012': {'action': 'move', 'targetPos': [{'x': 1, 'y': 7}]}, '10011': {}}
2026-09-23 13:49:17,674 | round 207 -> {'10010': {}, '10012': {'action': 'move', 'targetPos': [{'x': 2, 'y': 8}]}, '10011': {}}
2026-09-23 13:49:17,699 | round 208 -> {'10010': {}, '10012': {'action': 'move', 'targetPos': [{'x': 3, 'y': 9}]}, '10011': {}}
2026-09-23 13:49:17,723 | round 209 -> {'10010': {}, '10012': {'action': 'move', 'targetPos': [{'x': 4, 'y': 10}]}, '10011': {}}
2026-09-23 13:49:17,749 | round 210 -> {'10010': {}, '10012': {'action': 'move', 'targetPos': [{'x': 5, 'y': 11}]}, '10011': {}}
2026-09-23 13:49:17,775 | round 211 -> {'10010': {}, '10012': {'action': 'move', 'targetPos': [{'x': 6, 'y': 12}]}, '10011': {}}
2026-09-23 13:49:17,799 | round 212 -> {'10010': {}, '10012': {'action': 'move', 'targetPos': [{'x': 7, 'y': 13}]}, '10011': {}}
2026-09-23 13:49:17,826 | round 213 -> {'10010': {}, '10012': {'action': 'move', 'targetPos': [{'x': 8, 'y': 14}]}, '10011': {}}
2026-09-23 13:49:17,849 | round 214 -> {'10010': {}, '10012': {'action': 'move', 'targetPos': [{'x': 9, 'y': 15}]}, '10011': {}}
2026-09-23 13:49:17,873 | round 215 -> {'10010': {}, '10012': {'action': 'move', 'targetPos': [{'x': 10, 'y': 16}]}, '10011': {}}
2026-09-23 13:49:18,454 | round 216 -> {'10010': {'action': 'move', 'targetPos': [{'x': 10, 'y': 20}]}, '10011': {}, '10012': {}}
2026-09-23 13:49:19,104 | round 217 -> {'10010': {'action': 'move', 'targetPos': [{'x': 11, 'y': 21}]}, '10011': {}, '10012': {}}
2026-09-23 13:49:19,181 | round 218 -> {'10012': {'action': 'move', 'targetPos': [{'x': 11, 'y': 15}]}, '10010': {}}
2026-09-23 13:49:19,260 | round 219 -> {'10012': {'action': 'move', 'targetPos': [{'x': 12, 'y': 14}]}, '10010': {}}
2026-09-23 13:49:19,343 | round 220 -> {'10012': {'action': 'move', 'targetPos': [{'x': 13, 'y': 13}]}, '10010': {}}
2026-09-23 13:49:19,415 | round 221 -> {'10012': {'action': 'move', 'targetPos': [{'x': 14, 'y': 12}]}, '10010': {}}
2026-09-23 13:49:19,485 | round 222 -> {'10012': {'action': 'move', 'targetPos': [{'x': 15, 'y': 11}]}, '10010': {'action': 'move', 'targetPos': [{'x': 9, 'y': 20}]}}
2026-09-23 13:49:19,573 | round 223 -> {'10012': {'action': 'move', 'targetPos': [{'x': 16, 'y': 12}]}, '10010': {}}
